Using command line value for config of json/experiments/TournoumentConfigs/Other/Pandemic_MCTS_v2_4P_200_opt1_450MS.json
Game: Pandemic, Players: 4
Game: Pandemic, Players: 4, Mode: EXHAUSTIVE, TotalGames: 192, GamesPerMatchup: 8
WARNING: A terminally deprecated method in sun.misc.Unsafe has been called
WARNING: sun.misc.Unsafe::invokeCleaner has been called by nonapi.io.github.classgraph.utils.FileUtils (file:/Users/denizgencoatilla/TabletopGames/target/TAG.jar)
WARNING: Please consider reporting this to the maintainers of class nonapi.io.github.classgraph.utils.FileUtils
WARNING: sun.misc.Unsafe::invokeCleaner will be removed in a future release
Playing Pandemic
[player0,player1,player2,player3]
[WIN_GAME,WIN_GAME,WIN_GAME,WIN_GAME]
[LOSE_GAME,LOSE_GAME,LOSE_GAME,LOSE_GAME]
[LOSE_GAME,LOSE_GAME,LOSE_GAME,LOSE_GAME]
[WIN_GAME,WIN_GAME,WIN_GAME,WIN_GAME]
[WIN_GAME,WIN_GAME,WIN_GAME,WIN_GAME]
[WIN_GAME,WIN_GAME,WIN_GAME,WIN_GAME]
[LOSE_GAME,LOSE_GAME,LOSE_GAME,LOSE_GAME]
[LOSE_GAME,LOSE_GAME,LOSE_GAME,LOSE_GAME]
[player0,player1,player3,player2]
[LOSE_GAME,LOSE_GAME,LOSE_GAME,LOSE_GAME]
[LOSE_GAME,LOSE_GAME,LOSE_GAME,LOSE_GAME]
[WIN_GAME,WIN_GAME,WIN_GAME,WIN_GAME]
[WIN_GAME,WIN_GAME,WIN_GAME,WIN_GAME]
[WIN_GAME,WIN_GAME,WIN_GAME,WIN_GAME]
[WIN_GAME,WIN_GAME,WIN_GAME,WIN_GAME]
[WIN_GAME,WIN_GAME,WIN_GAME,WIN_GAME]
[WIN_GAME,WIN_GAME,WIN_GAME,WIN_GAME]
[player0,player2,player1,player3]
[WIN_GAME,WIN_GAME,WIN_GAME,WIN_GAME]
[WIN_GAME,WIN_GAME,WIN_GAME,WIN_GAME]
[WIN_GAME,WIN_GAME,WIN_GAME,WIN_GAME]
[LOSE_GAME,LOSE_GAME,LOSE_GAME,LOSE_GAME]
[WIN_GAME,WIN_GAME,WIN_GAME,WIN_GAME]
[WIN_GAME,WIN_GAME,WIN_GAME,WIN_GAME]
[WIN_GAME,WIN_GAME,WIN_GAME,WIN_GAME]
[LOSE_GAME,LOSE_GAME,LOSE_GAME,LOSE_GAME]
[player0,player2,player3,player1]
[WIN_GAME,WIN_GAME,WIN_GAME,WIN_GAME]
[WIN_GAME,WIN_GAME,WIN_GAME,WIN_GAME]
[WIN_GAME,WIN_GAME,WIN_GAME,WIN_GAME]
[WIN_GAME,WIN_GAME,WIN_GAME,WIN_GAME]
[LOSE_GAME,LOSE_GAME,LOSE_GAME,LOSE_GAME]
[WIN_GAME,WIN_GAME,WIN_GAME,WIN_GAME]
[WIN_GAME,WIN_GAME,WIN_GAME,WIN_GAME]
[LOSE_GAME,LOSE_GAME,LOSE_GAME,LOSE_GAME]
[player0,player3,player1,player2]
[WIN_GAME,WIN_GAME,WIN_GAME,WIN_GAME]
[LOSE_GAME,LOSE_GAME,LOSE_GAME,LOSE_GAME]
[LOSE_GAME,LOSE_GAME,LOSE_GAME,LOSE_GAME]
[WIN_GAME,WIN_GAME,WIN_GAME,WIN_GAME]
[WIN_GAME,WIN_GAME,WIN_GAME,WIN_GAME]
[WIN_GAME,WIN_GAME,WIN_GAME,WIN_GAME]
[WIN_GAME,WIN_GAME,WIN_GAME,WIN_GAME]
[LOSE_GAME,LOSE_GAME,LOSE_GAME,LOSE_GAME]
[player0,player3,player2,player1]
[LOSE_GAME,LOSE_GAME,LOSE_GAME,LOSE_GAME]
[LOSE_GAME,LOSE_GAME,LOSE_GAME,LOSE_GAME]
[LOSE_GAME,LOSE_GAME,LOSE_GAME,LOSE_GAME]
[WIN_GAME,WIN_GAME,WIN_GAME,WIN_GAME]
[WIN_GAME,WIN_GAME,WIN_GAME,WIN_GAME]
[WIN_GAME,WIN_GAME,WIN_GAME,WIN_GAME]
[LOSE_GAME,LOSE_GAME,LOSE_GAME,LOSE_GAME]
[LOSE_GAME,LOSE_GAME,LOSE_GAME,LOSE_GAME]
[player1,player0,player2,player3]
[LOSE_GAME,LOSE_GAME,LOSE_GAME,LOSE_GAME]
[WIN_GAME,WIN_GAME,WIN_GAME,WIN_GAME]
[LOSE_GAME,LOSE_GAME,LOSE_GAME,LOSE_GAME]
[LOSE_GAME,LOSE_GAME,LOSE_GAME,LOSE_GAME]
[LOSE_GAME,LOSE_GAME,LOSE_GAME,LOSE_GAME]
[WIN_GAME,WIN_GAME,WIN_GAME,WIN_GAME]
[WIN_GAME,WIN_GAME,WIN_GAME,WIN_GAME]
[LOSE_GAME,LOSE_GAME,LOSE_GAME,LOSE_GAME]
[player1,player0,player3,player2]
[WIN_GAME,WIN_GAME,WIN_GAME,WIN_GAME]
[LOSE_GAME,LOSE_GAME,LOSE_GAME,LOSE_GAME]
[LOSE_GAME,LOSE_GAME,LOSE_GAME,LOSE_GAME]
[LOSE_GAME,LOSE_GAME,LOSE_GAME,LOSE_GAME]
[LOSE_GAME,LOSE_GAME,LOSE_GAME,LOSE_GAME]
[LOSE_GAME,LOSE_GAME,LOSE_GAME,LOSE_GAME]
[WIN_GAME,WIN_GAME,WIN_GAME,WIN_GAME]
[LOSE_GAME,LOSE_GAME,LOSE_GAME,LOSE_GAME]
[player1,player2,player0,player3]
[LOSE_GAME,LOSE_GAME,LOSE_GAME,LOSE_GAME]
[WIN_GAME,WIN_GAME,WIN_GAME,WIN_GAME]
[LOSE_GAME,LOSE_GAME,LOSE_GAME,LOSE_GAME]
[LOSE_GAME,LOSE_GAME,LOSE_GAME,LOSE_GAME]
[WIN_GAME,WIN_GAME,WIN_GAME,WIN_GAME]
[WIN_GAME,WIN_GAME,WIN_GAME,WIN_GAME]
[LOSE_GAME,LOSE_GAME,LOSE_GAME,LOSE_GAME]
[WIN_GAME,WIN_GAME,WIN_GAME,WIN_GAME]
[player1,player2,player3,player0]
[WIN_GAME,WIN_GAME,WIN_GAME,WIN_GAME]
[LOSE_GAME,LOSE_GAME,LOSE_GAME,LOSE_GAME]
[WIN_GAME,WIN_GAME,WIN_GAME,WIN_GAME]
[WIN_GAME,WIN_GAME,WIN_GAME,WIN_GAME]
[WIN_GAME,WIN_GAME,WIN_GAME,WIN_GAME]
[WIN_GAME,WIN_GAME,WIN_GAME,WIN_GAME]
[WIN_GAME,WIN_GAME,WIN_GAME,WIN_GAME]
[LOSE_GAME,LOSE_GAME,LOSE_GAME,LOSE_GAME]
[player1,player3,player0,player2]
[WIN_GAME,WIN_GAME,WIN_GAME,WIN_GAME]
[LOSE_GAME,LOSE_GAME,LOSE_GAME,LOSE_GAME]
[WIN_GAME,WIN_GAME,WIN_GAME,WIN_GAME]
[WIN_GAME,WIN_GAME,WIN_GAME,WIN_GAME]
[LOSE_GAME,LOSE_GAME,LOSE_GAME,LOSE_GAME]
[WIN_GAME,WIN_GAME,WIN_GAME,WIN_GAME]
[WIN_GAME,WIN_GAME,WIN_GAME,WIN_GAME]
[LOSE_GAME,LOSE_GAME,LOSE_GAME,LOSE_GAME]
[player1,player3,player2,player0]
[WIN_GAME,WIN_GAME,WIN_GAME,WIN_GAME]
[LOSE_GAME,LOSE_GAME,LOSE_GAME,LOSE_GAME]
[WIN_GAME,WIN_GAME,WIN_GAME,WIN_GAME]
[WIN_GAME,WIN_GAME,WIN_GAME,WIN_GAME]
[LOSE_GAME,LOSE_GAME,LOSE_GAME,LOSE_GAME]
[WIN_GAME,WIN_GAME,WIN_GAME,WIN_GAME]
[WIN_GAME,WIN_GAME,WIN_GAME,WIN_GAME]
[WIN_GAME,WIN_GAME,WIN_GAME,WIN_GAME]
[player2,player0,player1,player3]
[WIN_GAME,WIN_GAME,WIN_GAME,WIN_GAME]
[WIN_GAME,WIN_GAME,WIN_GAME,WIN_GAME]
[WIN_GAME,WIN_GAME,WIN_GAME,WIN_GAME]
[WIN_GAME,WIN_GAME,WIN_GAME,WIN_GAME]
[WIN_GAME,WIN_GAME,WIN_GAME,WIN_GAME]
[WIN_GAME,WIN_GAME,WIN_GAME,WIN_GAME]
[WIN_GAME,WIN_GAME,WIN_GAME,WIN_GAME]
[LOSE_GAME,LOSE_GAME,LOSE_GAME,LOSE_GAME]
[player2,player0,player3,player1]
[LOSE_GAME,LOSE_GAME,LOSE_GAME,LOSE_GAME]
[LOSE_GAME,LOSE_GAME,LOSE_GAME,LOSE_GAME]
[LOSE_GAME,LOSE_GAME,LOSE_GAME,LOSE_GAME]
[WIN_GAME,WIN_GAME,WIN_GAME,WIN_GAME]
[WIN_GAME,WIN_GAME,WIN_GAME,WIN_GAME]
[WIN_GAME,WIN_GAME,WIN_GAME,WIN_GAME]
[WIN_GAME,WIN_GAME,WIN_GAME,WIN_GAME]
[WIN_GAME,WIN_GAME,WIN_GAME,WIN_GAME]
[player2,player1,player0,player3]
[LOSE_GAME,LOSE_GAME,LOSE_GAME,LOSE_GAME]
[LOSE_GAME,LOSE_GAME,LOSE_GAME,LOSE_GAME]
[LOSE_GAME,LOSE_GAME,LOSE_GAME,LOSE_GAME]
[WIN_GAME,WIN_GAME,WIN_GAME,WIN_GAME]
[WIN_GAME,WIN_GAME,WIN_GAME,WIN_GAME]
[LOSE_GAME,LOSE_GAME,LOSE_GAME,LOSE_GAME]
[LOSE_GAME,LOSE_GAME,LOSE_GAME,LOSE_GAME]
[WIN_GAME,WIN_GAME,WIN_GAME,WIN_GAME]
[player2,player1,player3,player0]
[WIN_GAME,WIN_GAME,WIN_GAME,WIN_GAME]
[LOSE_GAME,LOSE_GAME,LOSE_GAME,LOSE_GAME]
[LOSE_GAME,LOSE_GAME,LOSE_GAME,LOSE_GAME]
[WIN_GAME,WIN_GAME,WIN_GAME,WIN_GAME]
[WIN_GAME,WIN_GAME,WIN_GAME,WIN_GAME]
[WIN_GAME,WIN_GAME,WIN_GAME,WIN_GAME]
[WIN_GAME,WIN_GAME,WIN_GAME,WIN_GAME]
[WIN_GAME,WIN_GAME,WIN_GAME,WIN_GAME]
[player2,player3,player0,player1]
[WIN_GAME,WIN_GAME,WIN_GAME,WIN_GAME]
[WIN_GAME,WIN_GAME,WIN_GAME,WIN_GAME]
[LOSE_GAME,LOSE_GAME,LOSE_GAME,LOSE_GAME]
[WIN_GAME,WIN_GAME,WIN_GAME,WIN_GAME]
[WIN_GAME,WIN_GAME,WIN_GAME,WIN_GAME]
[LOSE_GAME,LOSE_GAME,LOSE_GAME,LOSE_GAME]
[WIN_GAME,WIN_GAME,WIN_GAME,WIN_GAME]
[LOSE_GAME,LOSE_GAME,LOSE_GAME,LOSE_GAME]
[player2,player3,player1,player0]
[WIN_GAME,WIN_GAME,WIN_GAME,WIN_GAME]
[LOSE_GAME,LOSE_GAME,LOSE_GAME,LOSE_GAME]
[LOSE_GAME,LOSE_GAME,LOSE_GAME,LOSE_GAME]
[WIN_GAME,WIN_GAME,WIN_GAME,WIN_GAME]
[WIN_GAME,WIN_GAME,WIN_GAME,WIN_GAME]
[WIN_GAME,WIN_GAME,WIN_GAME,WIN_GAME]
[WIN_GAME,WIN_GAME,WIN_GAME,WIN_GAME]
[WIN_GAME,WIN_GAME,WIN_GAME,WIN_GAME]
[player3,player0,player1,player2]
[LOSE_GAME,LOSE_GAME,LOSE_GAME,LOSE_GAME]
[LOSE_GAME,LOSE_GAME,LOSE_GAME,LOSE_GAME]
[LOSE_GAME,LOSE_GAME,LOSE_GAME,LOSE_GAME]
[LOSE_GAME,LOSE_GAME,LOSE_GAME,LOSE_GAME]
[LOSE_GAME,LOSE_GAME,LOSE_GAME,LOSE_GAME]
[WIN_GAME,WIN_GAME,WIN_GAME,WIN_GAME]
[WIN_GAME,WIN_GAME,WIN_GAME,WIN_GAME]
[WIN_GAME,WIN_GAME,WIN_GAME,WIN_GAME]
[player3,player0,player2,player1]
[WIN_GAME,WIN_GAME,WIN_GAME,WIN_GAME]
[WIN_GAME,WIN_GAME,WIN_GAME,WIN_GAME]
[WIN_GAME,WIN_GAME,WIN_GAME,WIN_GAME]
[WIN_GAME,WIN_GAME,WIN_GAME,WIN_GAME]
[LOSE_GAME,LOSE_GAME,LOSE_GAME,LOSE_GAME]
[WIN_GAME,WIN_GAME,WIN_GAME,WIN_GAME]
[LOSE_GAME,LOSE_GAME,LOSE_GAME,LOSE_GAME]
[LOSE_GAME,LOSE_GAME,LOSE_GAME,LOSE_GAME]
[player3,player1,player0,player2]
[WIN_GAME,WIN_GAME,WIN_GAME,WIN_GAME]
[LOSE_GAME,LOSE_GAME,LOSE_GAME,LOSE_GAME]
[LOSE_GAME,LOSE_GAME,LOSE_GAME,LOSE_GAME]
[WIN_GAME,WIN_GAME,WIN_GAME,WIN_GAME]
[LOSE_GAME,LOSE_GAME,LOSE_GAME,LOSE_GAME]
[WIN_GAME,WIN_GAME,WIN_GAME,WIN_GAME]
[WIN_GAME,WIN_GAME,WIN_GAME,WIN_GAME]
[WIN_GAME,WIN_GAME,WIN_GAME,WIN_GAME]
[player3,player1,player2,player0]
[WIN_GAME,WIN_GAME,WIN_GAME,WIN_GAME]
[WIN_GAME,WIN_GAME,WIN_GAME,WIN_GAME]
[WIN_GAME,WIN_GAME,WIN_GAME,WIN_GAME]
[WIN_GAME,WIN_GAME,WIN_GAME,WIN_GAME]
[LOSE_GAME,LOSE_GAME,LOSE_GAME,LOSE_GAME]
[WIN_GAME,WIN_GAME,WIN_GAME,WIN_GAME]
[WIN_GAME,WIN_GAME,WIN_GAME,WIN_GAME]
[WIN_GAME,WIN_GAME,WIN_GAME,WIN_GAME]
[player3,player2,player0,player1]
[WIN_GAME,WIN_GAME,WIN_GAME,WIN_GAME]
[LOSE_GAME,LOSE_GAME,LOSE_GAME,LOSE_GAME]
[WIN_GAME,WIN_GAME,WIN_GAME,WIN_GAME]
[LOSE_GAME,LOSE_GAME,LOSE_GAME,LOSE_GAME]
[WIN_GAME,WIN_GAME,WIN_GAME,WIN_GAME]
[LOSE_GAME,LOSE_GAME,LOSE_GAME,LOSE_GAME]
[WIN_GAME,WIN_GAME,WIN_GAME,WIN_GAME]
[LOSE_GAME,LOSE_GAME,LOSE_GAME,LOSE_GAME]
[player3,player2,player1,player0]
[WIN_GAME,WIN_GAME,WIN_GAME,WIN_GAME]
[WIN_GAME,WIN_GAME,WIN_GAME,WIN_GAME]
[LOSE_GAME,LOSE_GAME,LOSE_GAME,LOSE_GAME]
[WIN_GAME,WIN_GAME,WIN_GAME,WIN_GAME]
[WIN_GAME,WIN_GAME,WIN_GAME,WIN_GAME]
[WIN_GAME,WIN_GAME,WIN_GAME,WIN_GAME]
[WIN_GAME,WIN_GAME,WIN_GAME,WIN_GAME]
[WIN_GAME,WIN_GAME,WIN_GAME,WIN_GAME]
============= Pandemic - 192 games played ============= 
player0 got Infinity points. player0 won 100.0% of the 192 games of the tournament. player0 won 100.0% of the 192 games it played during the tournament.
player0 got a mean score of 0.00.
player0 won 0.0% of the 192 games against player1.
player0 won 0.0% of the 192 games against player2.
player0 won 0.0% of the 192 games against player3.

player1 got Infinity points. player1 won 100.0% of the 192 games of the tournament. player1 won 100.0% of the 192 games it played during the tournament.
player1 got a mean score of 0.00.
player1 won 0.0% of the 192 games against player0.
player1 won 0.0% of the 192 games against player2.
player1 won 0.0% of the 192 games against player3.

player2 got Infinity points. player2 won 100.0% of the 192 games of the tournament. player2 won 100.0% of the 192 games it played during the tournament.
player2 got a mean score of 0.00.
player2 won 0.0% of the 192 games against player0.
player2 won 0.0% of the 192 games against player1.
player2 won 0.0% of the 192 games against player3.

player3 got Infinity points. player3 won 100.0% of the 192 games of the tournament. player3 won 100.0% of the 192 games it played during the tournament.
player3 got a mean score of 0.00.
player3 won 0.0% of the 192 games against player0.
player3 won 0.0% of the 192 games against player1.
player3 won 0.0% of the 192 games against player2.

---- Ranking ---- (+/- are standard errors on the mean calculated using a Normal approximation) 
player1: Win rate Infinity +/- NaN	Mean Ordinal 1.00 +/- 0.00
player2: Win rate Infinity +/- NaN	Mean Ordinal 1.00 +/- 0.00
player3: Win rate Infinity +/- NaN	Mean Ordinal 1.00 +/- 0.00
player0: Win rate Infinity +/- NaN	Mean Ordinal 1.00 +/- 0.00


---- Alpha Rank ----  
