Using command line value for config of json/experiments/TournoumentConfigs/Other/Pandemic_MCTS_v0_2P_200_280MS.json
Game: Pandemic, Players: 2
Game: Pandemic, Players: 2, Mode: EXHAUSTIVE, TotalGames: 200, GamesPerMatchup: 100
WARNING: A terminally deprecated method in sun.misc.Unsafe has been called
WARNING: sun.misc.Unsafe::invokeCleaner has been called by nonapi.io.github.classgraph.utils.FileUtils (file:/Users/denizgencoatilla/TabletopGames/target/TAG.jar)
WARNING: Please consider reporting this to the maintainers of class nonapi.io.github.classgraph.utils.FileUtils
WARNING: sun.misc.Unsafe::invokeCleaner will be removed in a future release
Playing Pandemic
[player0,player1]
[LOSE_GAME,LOSE_GAME]
[LOSE_GAME,LOSE_GAME]
[LOSE_GAME,LOSE_GAME]
[LOSE_GAME,LOSE_GAME]
[LOSE_GAME,LOSE_GAME]
[WIN_GAME,WIN_GAME]
[LOSE_GAME,LOSE_GAME]
[LOSE_GAME,LOSE_GAME]
[LOSE_GAME,LOSE_GAME]
[WIN_GAME,WIN_GAME]
[WIN_GAME,WIN_GAME]
[LOSE_GAME,LOSE_GAME]
[LOSE_GAME,LOSE_GAME]
[WIN_GAME,WIN_GAME]
[LOSE_GAME,LOSE_GAME]
[LOSE_GAME,LOSE_GAME]
[LOSE_GAME,LOSE_GAME]
[WIN_GAME,WIN_GAME]
[LOSE_GAME,LOSE_GAME]
[LOSE_GAME,LOSE_GAME]
[LOSE_GAME,LOSE_GAME]
[WIN_GAME,WIN_GAME]
[LOSE_GAME,LOSE_GAME]
[WIN_GAME,WIN_GAME]
[WIN_GAME,WIN_GAME]
[LOSE_GAME,LOSE_GAME]
[LOSE_GAME,LOSE_GAME]
[LOSE_GAME,LOSE_GAME]
[LOSE_GAME,LOSE_GAME]
[LOSE_GAME,LOSE_GAME]
[LOSE_GAME,LOSE_GAME]
[LOSE_GAME,LOSE_GAME]
[LOSE_GAME,LOSE_GAME]
[WIN_GAME,WIN_GAME]
[LOSE_GAME,LOSE_GAME]
[LOSE_GAME,LOSE_GAME]
[WIN_GAME,WIN_GAME]
[LOSE_GAME,LOSE_GAME]
[LOSE_GAME,LOSE_GAME]
[LOSE_GAME,LOSE_GAME]
[LOSE_GAME,LOSE_GAME]
[LOSE_GAME,LOSE_GAME]
[LOSE_GAME,LOSE_GAME]
[LOSE_GAME,LOSE_GAME]
[LOSE_GAME,LOSE_GAME]
[LOSE_GAME,LOSE_GAME]
[LOSE_GAME,LOSE_GAME]
[WIN_GAME,WIN_GAME]
[LOSE_GAME,LOSE_GAME]
[LOSE_GAME,LOSE_GAME]
[LOSE_GAME,LOSE_GAME]
[LOSE_GAME,LOSE_GAME]
[LOSE_GAME,LOSE_GAME]
[LOSE_GAME,LOSE_GAME]
[LOSE_GAME,LOSE_GAME]
[LOSE_GAME,LOSE_GAME]
[LOSE_GAME,LOSE_GAME]
[LOSE_GAME,LOSE_GAME]
[LOSE_GAME,LOSE_GAME]
[WIN_GAME,WIN_GAME]
[LOSE_GAME,LOSE_GAME]
[LOSE_GAME,LOSE_GAME]
[LOSE_GAME,LOSE_GAME]
[LOSE_GAME,LOSE_GAME]
[LOSE_GAME,LOSE_GAME]
[LOSE_GAME,LOSE_GAME]
[WIN_GAME,WIN_GAME]
[LOSE_GAME,LOSE_GAME]
[WIN_GAME,WIN_GAME]
[LOSE_GAME,LOSE_GAME]
[LOSE_GAME,LOSE_GAME]
[WIN_GAME,WIN_GAME]
[LOSE_GAME,LOSE_GAME]
[LOSE_GAME,LOSE_GAME]
[LOSE_GAME,LOSE_GAME]
[LOSE_GAME,LOSE_GAME]
[LOSE_GAME,LOSE_GAME]
[LOSE_GAME,LOSE_GAME]
[LOSE_GAME,LOSE_GAME]
[LOSE_GAME,LOSE_GAME]
[LOSE_GAME,LOSE_GAME]
[LOSE_GAME,LOSE_GAME]
[LOSE_GAME,LOSE_GAME]
[LOSE_GAME,LOSE_GAME]
[WIN_GAME,WIN_GAME]
[LOSE_GAME,LOSE_GAME]
[LOSE_GAME,LOSE_GAME]
[LOSE_GAME,LOSE_GAME]
[LOSE_GAME,LOSE_GAME]
[LOSE_GAME,LOSE_GAME]
[LOSE_GAME,LOSE_GAME]
[WIN_GAME,WIN_GAME]
[LOSE_GAME,LOSE_GAME]
[LOSE_GAME,LOSE_GAME]
[LOSE_GAME,LOSE_GAME]
[LOSE_GAME,LOSE_GAME]
[LOSE_GAME,LOSE_GAME]
[LOSE_GAME,LOSE_GAME]
[WIN_GAME,WIN_GAME]
[WIN_GAME,WIN_GAME]
[player1,player0]
[WIN_GAME,WIN_GAME]
[LOSE_GAME,LOSE_GAME]
[LOSE_GAME,LOSE_GAME]
[WIN_GAME,WIN_GAME]
[LOSE_GAME,LOSE_GAME]
[WIN_GAME,WIN_GAME]
[LOSE_GAME,LOSE_GAME]
[LOSE_GAME,LOSE_GAME]
[LOSE_GAME,LOSE_GAME]
[WIN_GAME,WIN_GAME]
[LOSE_GAME,LOSE_GAME]
[LOSE_GAME,LOSE_GAME]
[LOSE_GAME,LOSE_GAME]
[LOSE_GAME,LOSE_GAME]
[LOSE_GAME,LOSE_GAME]
[LOSE_GAME,LOSE_GAME]
[LOSE_GAME,LOSE_GAME]
[LOSE_GAME,LOSE_GAME]
[LOSE_GAME,LOSE_GAME]
[LOSE_GAME,LOSE_GAME]
[LOSE_GAME,LOSE_GAME]
[LOSE_GAME,LOSE_GAME]
[LOSE_GAME,LOSE_GAME]
[LOSE_GAME,LOSE_GAME]
[LOSE_GAME,LOSE_GAME]
[LOSE_GAME,LOSE_GAME]
[LOSE_GAME,LOSE_GAME]
[LOSE_GAME,LOSE_GAME]
[LOSE_GAME,LOSE_GAME]
[LOSE_GAME,LOSE_GAME]
[LOSE_GAME,LOSE_GAME]
[LOSE_GAME,LOSE_GAME]
[LOSE_GAME,LOSE_GAME]
[LOSE_GAME,LOSE_GAME]
[LOSE_GAME,LOSE_GAME]
[LOSE_GAME,LOSE_GAME]
[LOSE_GAME,LOSE_GAME]
[LOSE_GAME,LOSE_GAME]
[LOSE_GAME,LOSE_GAME]
[LOSE_GAME,LOSE_GAME]
[LOSE_GAME,LOSE_GAME]
[LOSE_GAME,LOSE_GAME]
[WIN_GAME,WIN_GAME]
[LOSE_GAME,LOSE_GAME]
[LOSE_GAME,LOSE_GAME]
[LOSE_GAME,LOSE_GAME]
[LOSE_GAME,LOSE_GAME]
[LOSE_GAME,LOSE_GAME]
[LOSE_GAME,LOSE_GAME]
[WIN_GAME,WIN_GAME]
[LOSE_GAME,LOSE_GAME]
[LOSE_GAME,LOSE_GAME]
[LOSE_GAME,LOSE_GAME]
[LOSE_GAME,LOSE_GAME]
[WIN_GAME,WIN_GAME]
[WIN_GAME,WIN_GAME]
[LOSE_GAME,LOSE_GAME]
[LOSE_GAME,LOSE_GAME]
[LOSE_GAME,LOSE_GAME]
[LOSE_GAME,LOSE_GAME]
[LOSE_GAME,LOSE_GAME]
[LOSE_GAME,LOSE_GAME]
[LOSE_GAME,LOSE_GAME]
[WIN_GAME,WIN_GAME]
[LOSE_GAME,LOSE_GAME]
[LOSE_GAME,LOSE_GAME]
[WIN_GAME,WIN_GAME]
[LOSE_GAME,LOSE_GAME]
[LOSE_GAME,LOSE_GAME]
[LOSE_GAME,LOSE_GAME]
[WIN_GAME,WIN_GAME]
[LOSE_GAME,LOSE_GAME]
[WIN_GAME,WIN_GAME]
[LOSE_GAME,LOSE_GAME]
[LOSE_GAME,LOSE_GAME]
[LOSE_GAME,LOSE_GAME]
[LOSE_GAME,LOSE_GAME]
[LOSE_GAME,LOSE_GAME]
[LOSE_GAME,LOSE_GAME]
[WIN_GAME,WIN_GAME]
[LOSE_GAME,LOSE_GAME]
[LOSE_GAME,LOSE_GAME]
[LOSE_GAME,LOSE_GAME]
[LOSE_GAME,LOSE_GAME]
[WIN_GAME,WIN_GAME]
[LOSE_GAME,LOSE_GAME]
[LOSE_GAME,LOSE_GAME]
[LOSE_GAME,LOSE_GAME]
[LOSE_GAME,LOSE_GAME]
[WIN_GAME,WIN_GAME]
[LOSE_GAME,LOSE_GAME]
[WIN_GAME,WIN_GAME]
[WIN_GAME,WIN_GAME]
[LOSE_GAME,LOSE_GAME]
[LOSE_GAME,LOSE_GAME]
[LOSE_GAME,LOSE_GAME]
[LOSE_GAME,LOSE_GAME]
[LOSE_GAME,LOSE_GAME]
[LOSE_GAME,LOSE_GAME]
[LOSE_GAME,LOSE_GAME]
============= Pandemic - 200 games played ============= 
player0 got Infinity points. player0 won 100.0% of the 200 games of the tournament. player0 won 100.0% of the 200 games it played during the tournament.
player0 got a mean score of 0.00.
player0 won 0.0% of the 200 games against player1.

player1 got Infinity points. player1 won 100.0% of the 200 games of the tournament. player1 won 100.0% of the 200 games it played during the tournament.
player1 got a mean score of 0.00.
player1 won 0.0% of the 200 games against player0.

---- Ranking ---- (+/- are standard errors on the mean calculated using a Normal approximation) 
player1: Win rate Infinity +/- NaN	Mean Ordinal 1.00 +/- 0.00
player0: Win rate Infinity +/- NaN	Mean Ordinal 1.00 +/- 0.00


---- Alpha Rank ----  
